// Jest Snapshot v1, https://goo.gl/fbAQLP

exports[`withUserAlbumsData wrapper renders correctly 1`] = `
<Component
  albums={Array []}
  id={1}
  loading={true}
/>
`;
