// Jest Snapshot v1, https://goo.gl/fbAQLP

exports[`UserDetail renders correctly 1`] = `
<ScrollViewMock
  contentContainerStyle={
    Array [
      Object {
        "alignItems": "stretch",
        "flexDirection": "column",
      },
      Object {
        "paddingBottom": 25,
        "paddingTop": 89,
      },
    ]
  }
  scrollIndicatorInsets={
    Object {
      "bottom": 25,
      "top": 89,
    }
  }
  style={
    Object {
      "backgroundColor": "#a6abbd",
    }
  }
>
  <View
    style={
      Object {
        "flexDirection": "row",
        "paddingBottom": 12,
      }
    }
  >
    <View
      style={
        Array [
          Object {
            "elevation": 5,
            "shadowColor": "#000",
            "shadowOffset": Object {
              "height": 6,
              "width": 0,
            },
            "shadowOpacity": 0.2,
            "shadowRadius": 5,
          },
          Object {
            "flex": 1,
          },
        ]
      }
    >
      <View
        style={
          Array [
            Object {
              "flex": 1,
              "margin": 12,
            },
            Object {
              "borderBottomLeftRadius": 12,
              "borderBottomRightRadius": 12,
              "borderTopLeftRadius": 12,
              "borderTopRightRadius": 12,
              "overflow": "hidden",
            },
          ]
        }
      >
        <PhotoHero
          userId={1}
        />
      </View>
    </View>
    <View
      style={
        Object {
          "alignItems": "flex-start",
          "flex": 1,
          "flexDirection": "column",
          "height": 180,
          "justifyContent": "center",
          "marginRight": 12,
        }
      }
    >
      <Text
        style={
          Object {
            "color": "#000",
            "fontSize": 16,
            "fontWeight": "bold",
          }
        }
      >
        Name
      </Text>
      <Text
        style={
          Object {
            "color": "#000",
            "fontSize": 14,
          }
        }
      >
        at 
        Company
      </Text>
    </View>
  </View>
  <View
    style={
      Array [
        Object {
          "backgroundColor": "#fff",
          "marginBottom": 12,
          "marginLeft": 12,
          "marginRight": 12,
          "padding": 24,
        },
        Object {
          "borderBottomLeftRadius": 12,
          "borderBottomRightRadius": 12,
          "borderTopLeftRadius": 12,
          "borderTopRightRadius": 12,
          "overflow": "hidden",
        },
      ]
    }
  >
    <Text
      style={
        Object {
          "color": "#000",
          "fontSize": 14,
        }
      }
    >
      catchPhrase
    </Text>
  </View>
  <Text
    style={
      Object {
        "color": "#000",
        "fontWeight": "bold",
        "margin": 12,
      }
    }
  >
    My Address
  </Text>
  <withNavigation()
    user={
      Object {
        "company": Object {
          "catchPhrase": "catchPhrase",
          "name": "Company",
        },
        "id": 1,
        "name": "Name",
      }
    }
  />
  <Text
    style={
      Object {
        "color": "#000",
        "fontWeight": "bold",
        "margin": 12,
      }
    }
  >
    My Albums
  </Text>
  <withNavigation(UserDetailAlbums)
    userId={1}
  />
  <Text
    style={
      Object {
        "color": "#000",
        "fontWeight": "bold",
        "margin": 12,
      }
    }
  >
    My Activity
  </Text>
  <UserDetailTabs
    user={
      Object {
        "company": Object {
          "catchPhrase": "catchPhrase",
          "name": "Company",
        },
        "id": 1,
        "name": "Name",
      }
    }
  />
</ScrollViewMock>
`;
