// Jest Snapshot v1, https://goo.gl/fbAQLP

exports[`UserDetailAddress renders correctly 1`] = `
<View
  style={
    Array [
      Object {
        "backgroundColor": "#fff",
        "marginBottom": 12,
        "marginLeft": 12,
        "marginRight": 12,
        "padding": 24,
      },
      Object {
        "borderBottomLeftRadius": 12,
        "borderBottomRightRadius": 12,
        "borderTopLeftRadius": 12,
        "borderTopRightRadius": 12,
        "overflow": "hidden",
      },
    ]
  }
>
  <TouchableWithoutFeedback
    onPress={[Function]}
  >
    <View
      style={
        Object {
          "alignItems": "center",
          "flexDirection": "row",
        }
      }
    >
      <View
        style={
          Object {
            "flex": 1,
          }
        }
      >
        <Text>
          123 Fake St.
        </Text>
        <Text>
          Springfield
        </Text>
        <Text>
          12345
        </Text>
      </View>
      <[object Object]
        color="#c06171"
        name="ios-arrow-dropright"
        size={30}
        style={
          Object {
            "flex": 0,
          }
        }
      />
    </View>
  </TouchableWithoutFeedback>
</View>
`;
