// Jest Snapshot v1, https://goo.gl/fbAQLP

exports[`TabBar renders correctly 1`] = `<View />`;
