// Jest Snapshot v1, https://goo.gl/fbAQLP

exports[`ImageListCell renders correctly 1`] = `
<ListCell
  containerStyle={
    Object {
      "borderBottomColor": "rgba(0, 0, 0, 0.2)",
      "borderBottomWidth": 0.5,
    }
  }
>
  <Component
    id={1}
    renderItem={[Function]}
  />
  <View
    style={
      Object {
        "flex": 1,
        "justifyContent": "center",
        "marginLeft": 8,
      }
    }
  >
    <Text
      numberOfLines={2}
    >
      title
    </Text>
  </View>
</ListCell>
`;
