// Jest Snapshot v1, https://goo.gl/fbAQLP

exports[`ListCell renders correctly 1`] = `
<View>
  <TouchableOpacity
    activeOpacity={0.2}
  />
</View>
`;
