// Jest Snapshot v1, https://goo.gl/fbAQLP

exports[`TitleSubtitleListCell renders correctly 1`] = `
<ListCell
  containerStyle={
    Object {
      "borderBottomColor": "rgba(0, 0, 0, 0.2)",
      "borderBottomWidth": 0.5,
    }
  }
>
  <View
    style={
      Array [
        Object {
          "flex": 1,
          "flexDirection": "column",
        },
        Object {
          "justifyContent": "center",
        },
      ]
    }
  >
    <Text>
      title
    </Text>
  </View>
</ListCell>
`;
