// Jest Snapshot v1, https://goo.gl/fbAQLP

exports[`UserDetail renders correctly 1`] = `
<ContextConsumer>
  <Component />
</ContextConsumer>
`;
