// Jest Snapshot v1, https://goo.gl/fbAQLP

exports[`UserList renders correctly 1`] = `
<ContextConsumer>
  <Component />
</ContextConsumer>
`;
